// Jest Snapshot v1, https://goo.gl/fbAQLP

exports[`ThoughtList renders a list of thoughts correctly 1`] = `
<ul
  className="thoughts"
>
  <span />
</ul>
`;
