// Jest Snapshot v1, https://goo.gl/fbAQLP

exports[`App renders the Thought Input and the Thought List 1`] = `
<div
  className="container"
/>
`;
